Status: PASS
Attempts: 1


> pipeline-tests@1.0.0 test
> jest --testEnvironment jsdom --json --outputFile=test-run-raw.json --forceExit --verbose

PASS tests/app.test.js
  ✓ All 5 features work correctly (21 ms)
  ✓ No console errors on load or interaction (6 ms)
  ✓ Page is usable on a mobile screen (375px wide) (6 ms)

Test Suites: 1 passed, 1 total
Tests:       3 passed, 3 total
Snapshots:   0 total
Time:        0.423 s, estimated 1 s
Ran all test suites.
Test results written to: test-run-raw.json
Force exiting Jest: Have you considered using `--detectOpenHandles` to detect async operations that kept running after all tests finished?
